// Jest Snapshot v1, https://goo.gl/fbAQLP

exports[`BreedRow should render 1`] = `
<div>
  <table>
    <tbody>
      <tr
        class="MuiTableRow-root"
      >
        <th
          class="MuiTableCell-root"
          role="cell"
          scope="row"
        >
          <span
            data-testid="highlighter"
          >
            <span
              class=""
            >
              Abyssinian
            </span>
          </span>
        </th>
        <td
          class="MuiTableCell-root MuiTableCell-alignRight"
        >
          <span
            data-testid="highlighter"
          >
            <span
              class=""
            >
              Egypt
            </span>
          </span>
        </td>
        <td
          class="MuiTableCell-root MuiTableCell-alignRight"
        >
          14 - 15
        </td>
        <td
          class="MuiTableCell-root MuiTableCell-alignRight"
        >
          <span
            data-testid="highlighter"
          >
            <span
              class=""
            >
              Active, Energetic, Independent, Intelligent, Gentle
            </span>
          </span>
        </td>
        <td
          class="MuiTableCell-root MuiTableCell-alignRight"
        >
          3 - 5
        </td>
        <td
          class="MuiTableCell-root MuiTableCell-alignRight"
        >
          <a
            href="https://en.wikipedia.org/wiki/Abyssinian_(cat)"
            rel="noreferrer"
            target="_blank"
          >
            <svg
              aria-hidden="true"
              class="MuiSvgIcon-root"
              focusable="false"
              viewBox="0 0 24 24"
            >
              <path
                d="M3.9 12c0-1.71 1.39-3.1 3.1-3.1h4V7H7c-2.76 0-5 2.24-5 5s2.24 5 5 5h4v-1.9H7c-1.71 0-3.1-1.39-3.1-3.1zM8 13h8v-2H8v2zm9-6h-4v1.9h4c1.71 0 3.1 1.39 3.1 3.1s-1.39 3.1-3.1 3.1h-4V17h4c2.76 0 5-2.24 5-5s-2.24-5-5-5z"
              />
            </svg>
          </a>
        </td>
      </tr>
    </tbody>
  </table>
</div>
`;
